// Jest Snapshot v1, https://goo.gl/fbAQLP

exports[`NotFoundPage rendered successfully 1`] = `
<div
  className="css-q8cb76"
>
  <div
    className="css-144yc9n"
  >
    <nav
      className="css-ag1rcq"
      open={false}
    >
      <div
        className="css-ydsbw5"
      >
        <a
          className="css-136ox9k"
          href="/search"
          onClick={[Function]}
        >
           
          <span>
            Sanger
          </span>
        </a>
        <a
          className="css-136ox9k"
          href="/submit-song"
          onClick={[Function]}
        >
           
          <span>
            Send inn sang
          </span>
        </a>
      </div>
    </nav>
  </div>
  <div
    style={
      Object {
        "flexGrow": 1,
      }
    }
  >
    <div
      className="css-kbek2b"
    >
      <div
        className="css-0"
      >
        <form
          action="/search"
          className="css-ofpocj"
          onSubmit={[Function]}
        >
          <div
            className="css-1rmzhqg"
          >
            <div
              className="css-1f7apd6"
            >
              <div
                className="css-18a5p6x"
                focused={0}
              >
                <svg
                  aria-hidden={true}
                  className="MuiSvgIcon-root MuiSvgIcon-fontSizeMedium css-i4bv87-MuiSvgIcon-root"
                  data-testid="SearchIcon"
                  focusable="false"
                  viewBox="0 0 24 24"
                >
                  <path
                    d="M15.5 14h-.79l-.28-.27C15.41 12.59 16 11.11 16 9.5 16 5.91 13.09 3 9.5 3S3 5.91 3 9.5 5.91 16 9.5 16c1.61 0 3.09-.59 4.23-1.57l.27.28v.79l5 4.99L20.49 19l-4.99-5zm-6 0C7.01 14 5 11.99 5 9.5S7.01 5 9.5 5 14 7.01 14 9.5 11.99 14 9.5 14z"
                  />
                </svg>
              </div>
              <input
                autoComplete="off"
                className="css-psh2zg"
                name="query"
                onChange={[Function]}
                onFocus={[Function]}
                onKeyDown={[Function]}
                open={0}
                placeholder="Søk på sang"
                type="search"
                value=""
              />
            </div>
            <div
              aria-label="hamburger menu button"
              className="css-macrnf"
              data-testid="hamburger-button"
              onClick={[Function]}
              open={false}
            >
              <span />
              <span />
              <span />
              <span />
            </div>
          </div>
        </form>
      </div>
    </div>
    <main>
      <div
        className="css-2x3ewd"
      >
        <div
          className="css-2x3ewd"
        >
          Side ikke funnet. Prøv å søk på noe.
        </div>
      </div>
    </main>
  </div>
</div>
`;
