// Jest Snapshot v1, https://goo.gl/fbAQLP

exports[`rendered successfully 1`] = `
<div
  className="css-185wnrw"
  style={
    Object {
      "height": "100vh",
    }
  }
>
  <nav
    className="css-1ebp07k"
    open={false}
  >
    <div
      className="css-ydsbw5"
    >
      <a
        className="css-1yg7sek"
        href="/"
        onClick={[Function]}
      >
         
        <span>
          Hjem
        </span>
      </a>
      <a
        className="css-1yg7sek"
        href="/search"
        onClick={[Function]}
      >
         
        <span>
          Sanger
        </span>
      </a>
      <a
        className="css-1yg7sek"
        href="/search?query=søker på dette"
        onClick={[Function]}
      >
         
        <span>
          Søk på noe
        </span>
      </a>
      <a
        className="css-1yg7sek"
        href="/song/testsang"
        onClick={[Function]}
      >
         
        <span>
          Se test-sang
        </span>
      </a>
    </div>
  </nav>
  <div
    className="css-9c3fle"
  >
    <div
      className="css-cssveg"
    >
      <div
        className="css-0"
      >
        <form
          action="/search"
          className="css-ofpocj"
          onChange={[Function]}
          onSubmit={[Function]}
        >
          <div
            className="css-1rmzhqg"
          >
            <div
              className="css-1f7apd6"
            >
              <div
                className="css-18a5p6x"
                focused={0}
              >
                <svg
                  aria-hidden={true}
                  className="MuiSvgIcon-root MuiSvgIcon-fontSizeMedium css-i4bv87-MuiSvgIcon-root"
                  data-testid="SearchIcon"
                  focusable="false"
                  viewBox="0 0 24 24"
                >
                  <path
                    d="M15.5 14h-.79l-.28-.27C15.41 12.59 16 11.11 16 9.5 16 5.91 13.09 3 9.5 3S3 5.91 3 9.5 5.91 16 9.5 16c1.61 0 3.09-.59 4.23-1.57l.27.28v.79l5 4.99L20.49 19l-4.99-5zm-6 0C7.01 14 5 11.99 5 9.5S7.01 5 9.5 5 14 7.01 14 9.5 11.99 14 9.5 14z"
                  />
                </svg>
              </div>
              <input
                autoComplete="off"
                className="css-psh2zg"
                name="query"
                onChange={[Function]}
                onFocus={[Function]}
                onKeyDown={[Function]}
                open={0}
                placeholder="Søk på sang"
                type="search"
                value=""
              />
            </div>
          </div>
        </form>
      </div>
    </div>
    <main
      className="css-1tbz3yy"
    >
      <div
        className="css-2x3ewd"
      >
        Contributor: 
      </div>
    </main>
  </div>
</div>
`;
